// Jest Snapshot v1, https://goo.gl/fbAQLP

exports[`should match snapshot 1`] = `
<View
  style={
    Object {
      "backgroundColor": "#EAE9EF",
      "flex": 1,
    }
  }
>
  <Feedback
    close={[Function]}
    visible={false}
  />
  <Popup
    isVisible={false}
    onPress={[Function]}
  >
    <DefaultFont
      style={
        Object {
          "fontSize": 18,
          "fontWeight": "bold",
          "marginBottom": 5,
        }
      }
    >
      Söka efter hållplats
    </DefaultFont>
    <DefaultFont
      style={
        Object {
          "marginBottom": 10,
        }
      }
    >
      För att söka på en hållplats klickar du på sökfältet ( 
      <MaterialIcon
        name="search"
      />
       ) högst upp på startsidan och fyller i ett eller flera sökord.
    </DefaultFont>
    <DefaultFont
      style={
        Object {
          "fontSize": 18,
          "fontWeight": "bold",
          "marginBottom": 5,
        }
      }
    >
      Hållplatser nära dig
    </DefaultFont>
    <DefaultFont
      style={
        Object {
          "marginBottom": 10,
        }
      }
    >
      Hållplatser som är i din närhet kommer automatiskt att visas sålänge du har godkänt att appen får använda din 
      <DefaultFont
        style={
          Object {
            "fontWeight": "bold",
          }
        }
      >
        plats
      </DefaultFont>
      . Om du har nekat tillgång så kan du klicka på pilen ( 
      <MaterialIcon
        name="refresh"
      />
       ) till höger om "Hållplatser nära dig" och godkänna åtkomst till platstjänster.
    </DefaultFont>
    <DefaultFont
      style={
        Object {
          "fontSize": 18,
          "fontWeight": "bold",
          "marginBottom": 5,
        }
      }
    >
      Spara hållplats som favorit
    </DefaultFont>
    <DefaultFont
      style={
        Object {
          "marginBottom": 10,
        }
      }
    >
      Längst till höger på hållplatser nära dig eller i sökresultaten finns det en stjärna ( 
      <MaterialIcon
        color="#FFB347"
        name="star-border"
      />
       ), klicka på den för att spara hållplatsen som favorit. Nu kommer stjärnan ( 
      <MaterialIcon
        color="#FFB347"
        name="star"
      />
       ) att bli fylld med 
      <DefaultFont
        style={
          Object {
            "color": "#FFB347",
          }
        }
      >
        orange
      </DefaultFont>
       färg och hållplatsen sparas i listan "Mina Hållplatser".
    </DefaultFont>
    <DefaultFont
      style={
        Object {
          "fontSize": 18,
          "fontWeight": "bold",
          "marginBottom": 5,
        }
      }
    >
      Ta bort hållplats från favoriter
    </DefaultFont>
    <DefaultFont
      style={
        Object {
          "marginBottom": 10,
        }
      }
    >
      För att ta bort en hållplats från favoriter så klickar du på 
      <DefaultFont
        style={
          Object {
            "fontWeight": "bold",
          }
        }
      >
        pennan
      </DefaultFont>
       ( 
      <MaterialIcon
        name="edit"
      />
       ) och sedan på 
      <DefaultFont
        style={
          Object {
            "fontWeight": "bold",
          }
        }
      >
        minustecknet
      </DefaultFont>
       ( 
      <MaterialIcon
        color="#FF6961"
        name="remove-circle-outline"
      />
       ) bredvid den hållplatsen du vill ta bort.
    </DefaultFont>
    <DefaultFont
      style={
        Object {
          "fontSize": 18,
          "fontWeight": "bold",
          "marginBottom": 5,
        }
      }
    >
      Sortera favoriter
    </DefaultFont>
    <DefaultFont
      style={
        Object {
          "marginBottom": 10,
        }
      }
    >
      I 
      <DefaultFont
        style={
          Object {
            "fontWeight": "bold",
          }
        }
      >
        menyn
      </DefaultFont>
       ( 
      <MaterialIcon
        name="menu"
      />
       ) kan du hitta olika sorteringsalternativ, t.ex dina mest använda hållplatser.
    </DefaultFont>
  </Popup>
  <MiniMenu
    isVisible={false}
    items={
      Array [
        Object {
          "content": "Ingen sortering",
          "onPress": [Function],
        },
        Object {
          "content": "Mina mest använda",
          "onPress": [Function],
        },
        Object {
          "content": "Efter bokstav",
          "onPress": [Function],
        },
      ]
    }
    onClose={[Function]}
  />
  <MiniMenu
    isVisible={false}
    items={
      Array [
        Object {
          "content": "Sortera favoriter",
          "icon": "sort",
          "onPress": [Function],
        },
        Object {
          "content": "Hjälp",
          "icon": "help",
          "onPress": [Function],
        },
        Object {
          "content": "Lämna feedback",
          "icon": "feedback",
          "onPress": [Function],
        },
      ]
    }
    onClose={[Function]}
  />
  <ScrollView
    keyboardShouldPersistTaps="always"
    scrollEnabled={true}
  >
    <Input
      icon="search"
      iconRight={null}
      iconRightPress={[Function]}
      onChangeText={[Function]}
      onFocus={[Function]}
      placeholder="Sök hållplats.."
      style={
        Array [
          Object {
            "backgroundColor": "#fff",
            "borderRadius": 15,
            "margin": 10,
            "paddingLeft": 5,
            "paddingRight": 5,
          },
          Object {
            "paddingBottom": 10,
            "paddingTop": 10,
          },
        ]
      }
      underlineColorAndroid="#fff"
      value=""
    />
    <Message
      message="Felmeddelande"
      type="warning"
    />
    <View>
      <ListHeading
        text="Sökresultat"
      />
      <FlatList
        ItemSeparatorComponent={[Function]}
        data={
          Array [
            Object {
              "busStop": "Volvo Torslanda PV, Göteborg",
              "icon": "star-border",
              "id": "9021014007483000",
              "parent": "Search List",
            },
            Object {
              "busStop": "Överåsvallen, Göteborg",
              "icon": "star",
              "id": "9021014007900000",
              "parent": "Search List",
            },
          ]
        }
        keyExtractor={[Function]}
        keyboardShouldPersistTaps="always"
        renderItem={[Function]}
        scrollEnabled={false}
      />
      <View>
        <ListHeading
          icon="refresh"
          loading={false}
          onPress={[Function]}
          text="Hållplatser nära dig"
        />
        <FlatList
          ItemSeparatorComponent={[Function]}
          data={
            Array [
              Object {
                "busStop": "Volvo Torslanda PV, Göteborg",
                "icon": "star-border",
                "id": "9021014007483000",
                "parent": "Stops Nearby",
              },
              Object {
                "busStop": "Överåsvallen, Göteborg",
                "icon": "star",
                "id": "9021014007900000",
                "parent": "Stops Nearby",
              },
            ]
          }
          keyExtractor={[Function]}
          keyboardShouldPersistTaps="always"
          renderItem={[Function]}
          scrollEnabled={false}
        />
      </View>
      <ListHeading
        icon="edit"
        iconSize={16}
        onPress={[Function]}
        text="Mina hållplatser"
      />
      <FlatList
        ItemSeparatorComponent={[Function]}
        data={
          Array [
            Object {
              "busStop": "Överåsvallen, Göteborg",
              "id": "9021014007900000",
            },
            Object {
              "busStop": "Älmhult, Ale",
              "id": "9021014016323000",
            },
          ]
        }
        extraData={false}
        keyExtractor={[Function]}
        keyboardShouldPersistTaps="always"
        renderItem={[Function]}
        scrollEnabled={false}
      />
    </View>
  </ScrollView>
</View>
`;
