// Jest Snapshot v1, https://goo.gl/fbAQLP

exports[`should match snapshot 1`] = `
<View
  style={
    Object {
      "backgroundColor": "#EAE9EF",
      "flex": 1,
      "flexDirection": "column",
    }
  }
>
  <Feedback
    close={[Function]}
    visible={false}
  />
  <ScrollView>
    <ImageBackground
      source={
        Object {
          "uri": "https://www.w3schools.com/css/img_fjords.jpg",
        }
      }
      style={
        Object {
          "height": 120,
          "width": 225,
        }
      }
    >
      <View
        style={
          Object {
            "backgroundColor": "rgba(255,255,255,0.7)",
            "flex": 1,
          }
        }
      />
    </ImageBackground>
    <View
      style={
        Object {
          "height": 60,
        }
      }
    >
      <DefaultFont
        style={
          Object {
            "fontSize": 12,
            "fontWeight": "bold",
            "marginBottom": 0,
            "paddingBottom": 0,
            "paddingLeft": 10,
            "paddingTop": 10,
          }
        }
      >
        SORTERA FAVORITER
      </DefaultFont>
      <Picker
        itemStyle={
          Object {
            "fontSize": 16,
            "height": 90,
            "marginTop": -10,
          }
        }
        onValueChange={[Function]}
        selectedValue="nothing"
        style={
          Array [
            Object {},
          ]
        }
      >
        <Component
          label="Ingen sortering"
          value="nothing"
        />
        <Component
          label="Mina mest använda"
          value="opened"
        />
        <Component
          label="Efter bokstav"
          value="busStop"
        />
      </Picker>
    </View>
    <ListItemSeparator />
    <View
      style={
        Object {
          "height": 60,
        }
      }
    >
      <DefaultFont
        style={
          Object {
            "fontSize": 12,
            "fontWeight": "bold",
            "marginBottom": 0,
            "paddingBottom": 0,
            "paddingLeft": 10,
            "paddingTop": 10,
          }
        }
      >
        TIDSFORMAT
      </DefaultFont>
      <Picker
        itemStyle={
          Object {
            "fontSize": 16,
            "height": 90,
            "marginTop": -10,
          }
        }
        onValueChange={[Function]}
        selectedValue="minutes"
        style={
          Array [
            Object {},
          ]
        }
      >
        <Component
          label="Minuter"
          value="minutes"
        />
        <Component
          label="Klockslag"
          value="clock"
        />
      </Picker>
    </View>
    <ListItemSeparator />
    <View
      style={
        Object {
          "flex": 1,
        }
      }
    />
    <ListItem
      icon="email"
      iconVisible={true}
      pressItem={[Function]}
      style={
        Object {
          "marginTop": 10,
        }
      }
      text="Lämna feedback"
    />
  </ScrollView>
</View>
`;
