// Jest Snapshot v1, https://goo.gl/fbAQLP

exports[`should match snapshot 1`] = `
<View
  style={
    Object {
      "flex": 1,
    }
  }
>
  <MiniMenu
    isVisible={false}
    items={
      Array [
        Object {
          "content": "Minuter",
          "onPress": [Function],
        },
        Object {
          "content": "Klockslag",
          "onPress": [Function],
        },
      ]
    }
    onClose={[Function]}
  />
  <MiniMenu
    isVisible={false}
    items={
      Array [
        Object {
          "content": "Ändra tidsformat",
          "icon": "access-time",
          "onPress": [Function],
        },
        Object {
          "content": "Hjälp",
          "icon": "help",
          "onPress": [Function],
        },
      ]
    }
    onClose={[Function]}
  />
  <Popup
    isVisible={false}
    onPress={[Function]}
  >
    <DefaultFont
      style={
        Object {
          "fontSize": 18,
          "fontWeight": "bold",
          "marginBottom": 5,
        }
      }
    >
      När går nästa avgång?
    </DefaultFont>
    <DefaultFont
      style={
        Object {
          "marginBottom": 10,
        }
      }
    >
      Längst till höger på varje rad står det antal minuter kvar till nästa avgång samt avgången efter det. 
      <DefaultFont
        style={
          Object {
            "fontStyle": "italic",
          }
        }
      >
        Det går även att ändra avgångstiden till klockslag, och det gör du i menyn på startsidan.
      </DefaultFont>
    </DefaultFont>
    <DefaultFont
      style={
        Object {
          "fontSize": 18,
          "fontWeight": "bold",
          "marginBottom": 5,
        }
      }
    >
      Varför har tiden till nästa avgång ibland färg?
    </DefaultFont>
    <DefaultFont
      style={
        Object {
          "marginBottom": 10,
        }
      }
    >
      När en avgång snart ska gå från en hållplats så kommer alltid texten "
      <DefaultFont
        style={
          Object {
            "color": "#FF6961",
          }
        }
      >
        Nu
      </DefaultFont>
      " att visas med röd färg. Ibland kan man också se att en avgång har 
      <DefaultFont
        style={
          Object {
            "color": "#FFB347",
          }
        }
      >
        orange
      </DefaultFont>
       text. Det kan t.ex betyda att en buss har tappat anslutningen med Västtrafik och inte längre är live. Tiden som visas då är ordinarie avgång enligt tidtabell.
    </DefaultFont>
    <DefaultFont
      style={
        Object {
          "fontSize": 18,
          "fontWeight": "bold",
          "marginBottom": 5,
        }
      }
    >
      Hur sparar man en linje som favorit?
    </DefaultFont>
    <DefaultFont
      style={
        Object {
          "marginBottom": 10,
        }
      }
    >
      För att spara en linje så räcker det med att klicka på den, linjen kommer då hamna högst upp på alla hållplatser som den linjen kör på. För att spara avgången som favorit för nuvarande hållplats så tryck på avgången och håll ner fingret i en halv sekund.
    </DefaultFont>
  </Popup>
  <ScrollView>
    <FlatList
      ItemSeparatorComponent={[Function]}
      ListFooterComponent={[Function]}
      data={
        Array [
          Object {
            "accessibility": "wheelChair",
            "bgColor": "#000",
            "clockLeft": "16:00",
            "clockNext": "16:05",
            "direction": "Högsbo",
            "fgColor": "#eee",
            "global": true,
            "isLive": true,
            "journeyid": "123",
            "local": false,
            "night": false,
            "sname": "16X",
            "timeLeft": "3",
            "timeNext": "8",
            "track": "A",
            "type": "BUS",
            "via": "via Centralstationen",
          },
        ]
      }
      extraData={
        Object {
          "init": true,
          "miniMenuOpen": false,
          "showHelp": false,
          "timeformatVisible": false,
        }
      }
      initialNumToRender={11}
      keyExtractor={[Function]}
      maxToRenderPerBatch={11}
      renderItem={[Function]}
      scrollEnabled={false}
    />
    <FlatList
      ItemSeparatorComponent={[Function]}
      data={Array []}
      extraData={
        Object {
          "init": true,
          "miniMenuOpen": false,
          "showHelp": false,
          "timeformatVisible": false,
        }
      }
      getItemLayout={[Function]}
      initialNumToRender={11}
      keyExtractor={[Function]}
      maxToRenderPerBatch={11}
      renderItem={[Function]}
      scrollEnabled={false}
    />
  </ScrollView>
</View>
`;
