// Jest Snapshot v1, https://goo.gl/fbAQLP

exports[`should match snapshot 1`] = `
<View
  style={
    Array [
      Object {
        "alignItems": "center",
        "flexDirection": "row",
        "marginBottom": 10,
        "shadowColor": "#282828",
        "shadowOffset": Object {
          "height": 0,
          "width": 0,
        },
        "shadowOpacity": 0.2,
        "shadowRadius": 5,
      },
      undefined,
    ]
  }
>
  <DefaultFont>
    text
  </DefaultFont>
  <MaterialIcon
    name="mail"
    size={24}
    style={
      Object {
        "marginLeft": 5,
        "marginRight": 5,
      }
    }
  />
  <TextInput
    autoCapitalize="none"
    autoCorrect={false}
    autoFocus={false}
    multiline={false}
    secureTextEntry={false}
    style={
      Object {
        "flex": 1,
        "marginTop": 0,
      }
    }
    underlineColorAndroid="#779ECB"
  />
  <View
    style={
      Object {
        "marginLeft": 5,
      }
    }
  >
    <MaterialIcon
      name="vpn-key"
      onPress={null}
      size={24}
      style={
        Object {
          "padding": 10,
        }
      }
    />
  </View>
</View>
`;
