// Jest Snapshot v1, https://goo.gl/fbAQLP

exports[`should match snapshot 1`] = `
<View>
  <View
    style={
      Array [
        Object {
          "alignItems": "center",
          "flexDirection": "row",
          "height": 29,
          "justifyContent": "center",
        },
        Object {},
      ]
    }
  >
    <Text
      style={
        Array [
          Object {
            "fontFamily": "System",
            "fontSize": 16,
          },
          Object {
            "fontSize": 20,
            "fontWeight": "bold",
            "marginTop": 10,
            "paddingLeft": 10,
            "paddingRight": 5,
          },
          Object {
            "height": 29,
          },
        ]
      }
    />
    <View
      style={
        Object {
          "flex": 1,
          "height": 29,
          "justifyContent": "center",
          "marginTop": 10,
          "paddingRight": 10,
        }
      }
    />
  </View>
  <View
    style={
      Object {
        "backgroundColor": "#779ECB",
        "height": 2,
        "width": "100%",
      }
    }
  />
</View>
`;
