// Jest Snapshot v1, https://goo.gl/fbAQLP

exports[`should match snapshot 1`] = `
ShallowWrapper {
  "length": 1,
  Symbol(enzyme.__root__): [Circular],
  Symbol(enzyme.__unrendered__): <ListItem />,
  Symbol(enzyme.__renderer__): Object {
    "batchedUpdates": [Function],
    "getNode": [Function],
    "render": [Function],
    "simulateEvent": [Function],
    "unmount": [Function],
  },
  Symbol(enzyme.__node__): Object {
    "instance": null,
    "key": undefined,
    "nodeType": "function",
    "props": Object {
      "children": Array [
        <DefaultFont
          style={
            Object {
              "alignSelf": "center",
              "fontSize": 18,
              "justifyContent": "flex-start",
            }
          }
        />,
        null,
      ],
      "onPress": undefined,
      "style": Array [
        Object {
          "alignItems": "center",
          "flexDirection": "row",
          "height": 50,
          "justifyContent": "space-between",
          "paddingHorizontal": 10,
        },
        null,
      ],
    },
    "ref": null,
    "rendered": Array [
      Object {
        "instance": null,
        "key": undefined,
        "nodeType": "function",
        "props": Object {
          "children": undefined,
          "style": Object {
            "alignSelf": "center",
            "fontSize": 18,
            "justifyContent": "flex-start",
          },
        },
        "ref": null,
        "rendered": null,
        "type": [Function],
      },
      null,
    ],
    "type": [Function],
  },
  Symbol(enzyme.__nodes__): Array [
    Object {
      "instance": null,
      "key": undefined,
      "nodeType": "function",
      "props": Object {
        "children": Array [
          <DefaultFont
            style={
              Object {
                "alignSelf": "center",
                "fontSize": 18,
                "justifyContent": "flex-start",
              }
            }
          />,
          null,
        ],
        "onPress": undefined,
        "style": Array [
          Object {
            "alignItems": "center",
            "flexDirection": "row",
            "height": 50,
            "justifyContent": "space-between",
            "paddingHorizontal": 10,
          },
          null,
        ],
      },
      "ref": null,
      "rendered": Array [
        Object {
          "instance": null,
          "key": undefined,
          "nodeType": "function",
          "props": Object {
            "children": undefined,
            "style": Object {
              "alignSelf": "center",
              "fontSize": 18,
              "justifyContent": "flex-start",
            },
          },
          "ref": null,
          "rendered": null,
          "type": [Function],
        },
        null,
      ],
      "type": [Function],
    },
  ],
  Symbol(enzyme.__options__): Object {
    "adapter": ReactSixteenAdapter {
      "options": Object {
        "enableComponentDidUpdateOnSetState": true,
      },
    },
  },
}
`;
